{"timestamp": "2026-02-28T12:05:03.347002+00:00", "level": "INFO", "logger": "mtcs", "message": "Logging initialized", "module": "logging_config", "function": "setup_logging", "line": 68}
{"timestamp": "2026-02-28T12:05:03.347520+00:00", "level": "INFO", "logger": "mtcs.main", "message": "============================================================", "module": "main", "function": "lifespan", "line": 38}
{"timestamp": "2026-02-28T12:05:03.347520+00:00", "level": "INFO", "logger": "mtcs.main", "message": "MT5 Copy Trading System starting...", "module": "main", "function": "lifespan", "line": 39}
{"timestamp": "2026-02-28T12:05:03.347520+00:00", "level": "INFO", "logger": "mtcs.main", "message": "Server: 0.0.0.0:9600", "module": "main", "function": "lifespan", "line": 40}
{"timestamp": "2026-02-28T12:05:03.348085+00:00", "level": "INFO", "logger": "mtcs.main", "message": "============================================================", "module": "main", "function": "lifespan", "line": 41}
{"timestamp": "2026-02-28T12:05:03.366771+00:00", "level": "INFO", "logger": "mtcs.database", "message": "Database connected: C:\\Users\\prave\\Downloads\\ANTIGRAVITY\\mtcs\\data\\mtcs.db (WAL mode)", "module": "database", "function": "connect", "line": 113}
{"timestamp": "2026-02-28T12:05:03.374489+00:00", "level": "INFO", "logger": "mtcs.database", "message": "Database schema initialized", "module": "database", "function": "init_schema", "line": 119}
{"timestamp": "2026-02-28T12:05:03.392880+00:00", "level": "INFO", "logger": "mtcs.credentials", "message": "Generated new encryption key", "module": "credentials", "function": "_ensure_key", "line": 40}
{"timestamp": "2026-02-28T12:05:03.392880+00:00", "level": "INFO", "logger": "mtcs.credentials", "message": "Credential encryption initialized", "module": "credentials", "function": "initialize", "line": 47}
{"timestamp": "2026-02-28T12:05:32.310241+00:00", "level": "WARNING", "logger": "mtcs.networking", "message": "Firewall check timed out", "module": "networking", "function": "check_firewall", "line": 54}
{"timestamp": "2026-02-28T12:05:32.312285+00:00", "level": "INFO", "logger": "mtcs.state", "message": "Application state initialized", "module": "deps", "function": "initialize", "line": 75}
{"timestamp": "2026-02-28T12:05:32.312285+00:00", "level": "INFO", "logger": "mtcs.state", "message": "Access from mobile: http://192.168.1.8:9600", "module": "deps", "function": "initialize", "line": 76}
{"timestamp": "2026-02-28T12:05:32.312285+00:00", "level": "WARNING", "logger": "mtcs.state", "message": "Firewall: Firewall check timed out. LAN access may not work.", "module": "deps", "function": "initialize", "line": 81}
{"timestamp": "2026-02-28T12:20:50.737603+00:00", "level": "INFO", "logger": "mtcs", "message": "Logging initialized", "module": "logging_config", "function": "setup_logging", "line": 68}
{"timestamp": "2026-02-28T12:20:50.737603+00:00", "level": "INFO", "logger": "mtcs.main", "message": "============================================================", "module": "main", "function": "lifespan", "line": 38}
{"timestamp": "2026-02-28T12:20:50.738132+00:00", "level": "INFO", "logger": "mtcs.main", "message": "MT5 Copy Trading System starting...", "module": "main", "function": "lifespan", "line": 39}
{"timestamp": "2026-02-28T12:20:50.738132+00:00", "level": "INFO", "logger": "mtcs.main", "message": "Server: 0.0.0.0:9600", "module": "main", "function": "lifespan", "line": 40}
{"timestamp": "2026-02-28T12:20:50.738132+00:00", "level": "INFO", "logger": "mtcs.main", "message": "============================================================", "module": "main", "function": "lifespan", "line": 41}
{"timestamp": "2026-02-28T12:20:50.764459+00:00", "level": "INFO", "logger": "mtcs.database", "message": "Database connected: C:\\Users\\prave\\Downloads\\ANTIGRAVITY\\mtcs\\data\\mtcs.db (WAL mode)", "module": "database", "function": "connect", "line": 113}
{"timestamp": "2026-02-28T12:20:50.765090+00:00", "level": "INFO", "logger": "mtcs.database", "message": "Database schema initialized", "module": "database", "function": "init_schema", "line": 119}
{"timestamp": "2026-02-28T12:20:50.772684+00:00", "level": "INFO", "logger": "mtcs.credentials", "message": "Credential encryption initialized", "module": "credentials", "function": "initialize", "line": 47}
{"timestamp": "2026-02-28T12:20:50.958233+00:00", "level": "INFO", "logger": "mtcs.state", "message": "Application state initialized", "module": "deps", "function": "initialize", "line": 75}
{"timestamp": "2026-02-28T12:20:50.958233+00:00", "level": "INFO", "logger": "mtcs.state", "message": "Access from mobile: http://192.168.1.8:9600", "module": "deps", "function": "initialize", "line": 76}
{"timestamp": "2026-02-28T12:20:50.958233+00:00", "level": "WARNING", "logger": "mtcs.state", "message": "Firewall: Port 9600/TCP may be blocked by Windows Firewall. To allow LAN access, run in an elevated PowerShell:\n  New-NetFirewallRule -DisplayName \"MTCS Trading\" -Direction Inbound -Protocol TCP -LocalPort 9600 -Action Allow", "module": "deps", "function": "initialize", "line": 81}
{"timestamp": "2026-02-28T12:20:50.958946+00:00", "level": "INFO", "logger": "mtcs.main", "message": "Shutting down...", "module": "main", "function": "lifespan", "line": 48}
{"timestamp": "2026-02-28T12:20:50.960000+00:00", "level": "INFO", "logger": "mtcs.database", "message": "Database connection closed", "module": "database", "function": "close", "line": 126}
{"timestamp": "2026-02-28T12:20:50.960000+00:00", "level": "INFO", "logger": "mtcs.state", "message": "Application state shutdown complete", "module": "deps", "function": "shutdown", "line": 148}
{"timestamp": "2026-02-28T12:20:50.960000+00:00", "level": "INFO", "logger": "mtcs.main", "message": "Shutdown complete", "module": "main", "function": "lifespan", "line": 50}
{"timestamp": "2026-02-28T12:21:18.503474+00:00", "level": "INFO", "logger": "mtcs", "message": "Logging initialized", "module": "logging_config", "function": "setup_logging", "line": 68}
{"timestamp": "2026-02-28T12:21:18.503474+00:00", "level": "INFO", "logger": "mtcs.main", "message": "============================================================", "module": "main", "function": "lifespan", "line": 38}
{"timestamp": "2026-02-28T12:21:18.503474+00:00", "level": "INFO", "logger": "mtcs.main", "message": "MT5 Copy Trading System starting...", "module": "main", "function": "lifespan", "line": 39}
{"timestamp": "2026-02-28T12:21:18.503474+00:00", "level": "INFO", "logger": "mtcs.main", "message": "Server: 0.0.0.0:9600", "module": "main", "function": "lifespan", "line": 40}
{"timestamp": "2026-02-28T12:21:18.503474+00:00", "level": "INFO", "logger": "mtcs.main", "message": "============================================================", "module": "main", "function": "lifespan", "line": 41}
{"timestamp": "2026-02-28T12:21:18.508036+00:00", "level": "INFO", "logger": "mtcs.database", "message": "Database connected: C:\\Users\\prave\\Downloads\\ANTIGRAVITY\\mtcs\\data\\mtcs.db (WAL mode)", "module": "database", "function": "connect", "line": 113}
{"timestamp": "2026-02-28T12:21:18.508614+00:00", "level": "INFO", "logger": "mtcs.database", "message": "Database schema initialized", "module": "database", "function": "init_schema", "line": 119}
{"timestamp": "2026-02-28T12:21:18.509129+00:00", "level": "INFO", "logger": "mtcs.credentials", "message": "Credential encryption initialized", "module": "credentials", "function": "initialize", "line": 47}
{"timestamp": "2026-02-28T12:21:18.569818+00:00", "level": "INFO", "logger": "mtcs.state", "message": "Application state initialized", "module": "deps", "function": "initialize", "line": 75}
{"timestamp": "2026-02-28T12:21:18.569818+00:00", "level": "INFO", "logger": "mtcs.state", "message": "Access from mobile: http://192.168.1.8:9600", "module": "deps", "function": "initialize", "line": 76}
{"timestamp": "2026-02-28T12:21:18.569818+00:00", "level": "WARNING", "logger": "mtcs.state", "message": "Firewall: Port 9600/TCP may be blocked by Windows Firewall. To allow LAN access, run in an elevated PowerShell:\n  New-NetFirewallRule -DisplayName \"MTCS Trading\" -Direction Inbound -Protocol TCP -LocalPort 9600 -Action Allow", "module": "deps", "function": "initialize", "line": 81}
{"timestamp": "2026-02-28T12:23:13.881217+00:00", "level": "INFO", "logger": "mtcs.monitor", "message": "Trade monitor paused", "module": "trade_monitor", "function": "pause", "line": 178}
{"timestamp": "2026-02-28T12:23:13.881217+00:00", "level": "INFO", "logger": "mtcs.copier", "message": "Trade copier paused", "module": "trade_copier", "function": "pause", "line": 309}
{"timestamp": "2026-02-28T12:24:15.545986+00:00", "level": "INFO", "logger": "mtcs.credentials", "message": "Saved 1 accounts to credentials.json", "module": "credentials", "function": "save_credentials", "line": 83}
{"timestamp": "2026-02-28T12:25:33.910986+00:00", "level": "INFO", "logger": "mtcs.credentials", "message": "Loaded 1 accounts from credentials.json", "module": "credentials", "function": "load_credentials", "line": 69}
{"timestamp": "2026-02-28T12:25:33.913278+00:00", "level": "INFO", "logger": "mtcs.credentials", "message": "Saved 2 accounts to credentials.json", "module": "credentials", "function": "save_credentials", "line": 83}
{"timestamp": "2026-02-28T12:39:11.228187+00:00", "level": "INFO", "logger": "mtcs", "message": "Logging initialized", "module": "logging_config", "function": "setup_logging", "line": 68}
{"timestamp": "2026-02-28T12:39:11.228187+00:00", "level": "INFO", "logger": "mtcs.main", "message": "============================================================", "module": "main", "function": "lifespan", "line": 38}
{"timestamp": "2026-02-28T12:39:11.228187+00:00", "level": "INFO", "logger": "mtcs.main", "message": "MT5 Copy Trading System starting...", "module": "main", "function": "lifespan", "line": 39}
{"timestamp": "2026-02-28T12:39:11.228704+00:00", "level": "INFO", "logger": "mtcs.main", "message": "Server: 0.0.0.0:9600", "module": "main", "function": "lifespan", "line": 40}
{"timestamp": "2026-02-28T12:39:11.228704+00:00", "level": "INFO", "logger": "mtcs.main", "message": "============================================================", "module": "main", "function": "lifespan", "line": 41}
{"timestamp": "2026-02-28T12:39:11.250815+00:00", "level": "INFO", "logger": "mtcs.database", "message": "Database connected: C:\\Users\\prave\\Downloads\\ANTIGRAVITY\\mtcs\\data\\mtcs.db (WAL mode)", "module": "database", "function": "connect", "line": 113}
{"timestamp": "2026-02-28T12:39:11.251358+00:00", "level": "INFO", "logger": "mtcs.database", "message": "Database schema initialized", "module": "database", "function": "init_schema", "line": 119}
{"timestamp": "2026-02-28T12:39:11.252973+00:00", "level": "INFO", "logger": "mtcs.credentials", "message": "Credential encryption initialized", "module": "credentials", "function": "initialize", "line": 47}
{"timestamp": "2026-02-28T12:39:11.435049+00:00", "level": "INFO", "logger": "mtcs.credentials", "message": "Loaded 2 accounts from credentials.json", "module": "credentials", "function": "load_credentials", "line": 69}
{"timestamp": "2026-02-28T12:39:11.446888+00:00", "level": "INFO", "logger": "mtcs.worker_manager", "message": "Spawned slave worker: 415362468@Exness-MT5Trial14 (pid=1968)", "module": "worker_manager", "function": "spawn_worker", "line": 132}
{"timestamp": "2026-02-28T12:39:12.813750+00:00", "level": "ERROR", "logger": "mtcs.worker_manager", "message": "Worker 415362468 init failed: MT5 init failed: (-6, 'Terminal: Authorization failed')", "module": "worker_manager", "function": "spawn_worker", "line": 155}
{"timestamp": "2026-02-28T12:39:12.814341+00:00", "level": "WARNING", "logger": "mtcs.state", "message": "Worker spawn failed for 415362468: MT5 init failed: (-6, 'Terminal: Authorization failed')", "module": "deps", "function": "_spawn_saved_account_workers", "line": 174}
{"timestamp": "2026-02-28T12:39:12.814863+00:00", "level": "INFO", "logger": "mtcs.state", "message": "Application state initialized (multi-process)", "module": "deps", "function": "initialize", "line": 112}
{"timestamp": "2026-02-28T12:39:12.815378+00:00", "level": "INFO", "logger": "mtcs.state", "message": "Access from mobile: http://192.168.1.8:9600", "module": "deps", "function": "initialize", "line": 113}
{"timestamp": "2026-02-28T12:39:12.815378+00:00", "level": "WARNING", "logger": "mtcs.state", "message": "Firewall: Port 9600/TCP may be blocked by Windows Firewall. To allow LAN access, run in an elevated PowerShell:\n  New-NetFirewallRule -DisplayName \"MTCS Trading\" -Direction Inbound -Protocol TCP -LocalPort 9600 -Action Allow", "module": "deps", "function": "initialize", "line": 118}
{"timestamp": "2026-02-28T12:40:24.985396+00:00", "level": "INFO", "logger": "mtcs.worker_manager", "message": "Spawned slave worker: 415362468@Exness-MT5Trial14 (pid=9376)", "module": "worker_manager", "function": "spawn_worker", "line": 132}
{"timestamp": "2026-02-28T12:40:25.408319+00:00", "level": "ERROR", "logger": "mtcs.worker_manager", "message": "Worker 415362468 init failed: MT5 init failed: (-6, 'Terminal: Authorization failed')", "module": "worker_manager", "function": "spawn_worker", "line": 155}
{"timestamp": "2026-02-28T12:40:26.187835+00:00", "level": "INFO", "logger": "mtcs.worker_manager", "message": "Spawned slave worker: 415362468@Exness-MT5Trial14 (pid=17936)", "module": "worker_manager", "function": "spawn_worker", "line": 132}
{"timestamp": "2026-02-28T12:40:26.603466+00:00", "level": "ERROR", "logger": "mtcs.worker_manager", "message": "Worker 415362468 init failed: MT5 init failed: (-6, 'Terminal: Authorization failed')", "module": "worker_manager", "function": "spawn_worker", "line": 155}
{"timestamp": "2026-02-28T12:41:11.477339+00:00", "level": "INFO", "logger": "mtcs.worker_manager", "message": "Spawned slave worker: 413438406@Exness-MT5Trial6 (pid=14360)", "module": "worker_manager", "function": "spawn_worker", "line": 132}
{"timestamp": "2026-02-28T12:41:11.937893+00:00", "level": "ERROR", "logger": "mtcs.worker_manager", "message": "Worker 413438406 init failed: MT5 init failed: (-6, 'Terminal: Authorization failed')", "module": "worker_manager", "function": "spawn_worker", "line": 155}
{"timestamp": "2026-02-28T12:41:11.939526+00:00", "level": "INFO", "logger": "mtcs.credentials", "message": "Loaded 2 accounts from credentials.json", "module": "credentials", "function": "load_credentials", "line": 69}
{"timestamp": "2026-02-28T12:41:11.940589+00:00", "level": "INFO", "logger": "mtcs.credentials", "message": "Saved 3 accounts to credentials.json", "module": "credentials", "function": "save_credentials", "line": 83}
{"timestamp": "2026-02-28T12:41:18.118129+00:00", "level": "INFO", "logger": "mtcs.worker_manager", "message": "Spawned slave worker: 413438406@Exness-MT5Trial6 (pid=17228)", "module": "worker_manager", "function": "spawn_worker", "line": 132}
{"timestamp": "2026-02-28T12:41:18.508607+00:00", "level": "ERROR", "logger": "mtcs.worker_manager", "message": "Worker 413438406 init failed: MT5 init failed: (-6, 'Terminal: Authorization failed')", "module": "worker_manager", "function": "spawn_worker", "line": 155}
{"timestamp": "2026-02-28T12:41:19.765350+00:00", "level": "INFO", "logger": "mtcs.worker_manager", "message": "Spawned slave worker: 413438406@Exness-MT5Trial6 (pid=12064)", "module": "worker_manager", "function": "spawn_worker", "line": 132}
{"timestamp": "2026-02-28T12:41:20.214659+00:00", "level": "ERROR", "logger": "mtcs.worker_manager", "message": "Worker 413438406 init failed: MT5 init failed: (-6, 'Terminal: Authorization failed')", "module": "worker_manager", "function": "spawn_worker", "line": 155}
{"timestamp": "2026-02-28T12:41:21.601703+00:00", "level": "INFO", "logger": "mtcs.worker_manager", "message": "Spawned slave worker: 413438406@Exness-MT5Trial6 (pid=23656)", "module": "worker_manager", "function": "spawn_worker", "line": 132}
{"timestamp": "2026-02-28T12:41:21.987347+00:00", "level": "ERROR", "logger": "mtcs.worker_manager", "message": "Worker 413438406 init failed: MT5 init failed: (-6, 'Terminal: Authorization failed')", "module": "worker_manager", "function": "spawn_worker", "line": 155}
{"timestamp": "2026-02-28T12:46:28.733091+00:00", "level": "INFO", "logger": "mtcs.copier", "message": "Trade copier resumed", "module": "trade_copier", "function": "resume", "line": 310}
{"timestamp": "2026-02-28T12:46:29.953511+00:00", "level": "INFO", "logger": "mtcs.copier", "message": "Trade copier paused", "module": "trade_copier", "function": "pause", "line": 306}
{"timestamp": "2026-02-28T13:00:25.882697+00:00", "level": "INFO", "logger": "mtcs.worker_manager", "message": "Spawned slave worker: 415362468@Exness-MT5Trial14 (pid=18880)", "module": "worker_manager", "function": "spawn_worker", "line": 132}
{"timestamp": "2026-02-28T13:00:26.488863+00:00", "level": "ERROR", "logger": "mtcs.worker_manager", "message": "Worker 415362468 init failed: MT5 init failed: (-6, 'Terminal: Authorization failed')", "module": "worker_manager", "function": "spawn_worker", "line": 155}
{"timestamp": "2026-02-28T13:03:45.552437+00:00", "level": "INFO", "logger": "mtcs", "message": "Logging initialized", "module": "logging_config", "function": "setup_logging", "line": 68}
{"timestamp": "2026-02-28T13:03:45.552437+00:00", "level": "INFO", "logger": "mtcs.main", "message": "============================================================", "module": "main", "function": "lifespan", "line": 38}
{"timestamp": "2026-02-28T13:03:45.552437+00:00", "level": "INFO", "logger": "mtcs.main", "message": "MT5 Copy Trading System starting...", "module": "main", "function": "lifespan", "line": 39}
{"timestamp": "2026-02-28T13:03:45.552437+00:00", "level": "INFO", "logger": "mtcs.main", "message": "Server: 0.0.0.0:9600", "module": "main", "function": "lifespan", "line": 40}
{"timestamp": "2026-02-28T13:03:45.552437+00:00", "level": "INFO", "logger": "mtcs.main", "message": "============================================================", "module": "main", "function": "lifespan", "line": 41}
{"timestamp": "2026-02-28T13:03:45.581395+00:00", "level": "INFO", "logger": "mtcs.database", "message": "Database connected: C:\\Users\\prave\\Downloads\\ANTIGRAVITY\\mtcs\\data\\mtcs.db (WAL mode)", "module": "database", "function": "connect", "line": 113}
{"timestamp": "2026-02-28T13:03:45.582472+00:00", "level": "INFO", "logger": "mtcs.database", "message": "Database schema initialized", "module": "database", "function": "init_schema", "line": 119}
{"timestamp": "2026-02-28T13:03:45.583012+00:00", "level": "INFO", "logger": "mtcs.credentials", "message": "Credential encryption initialized", "module": "credentials", "function": "initialize", "line": 47}
{"timestamp": "2026-02-28T13:03:45.724437+00:00", "level": "INFO", "logger": "mtcs.credentials", "message": "Loaded 3 accounts from credentials.json", "module": "credentials", "function": "load_credentials", "line": 69}
{"timestamp": "2026-02-28T13:03:45.739435+00:00", "level": "INFO", "logger": "mtcs.worker_manager", "message": "Spawned slave worker: 413438406@Exness-MT5Trial6 (pid=25412)", "module": "worker_manager", "function": "spawn_worker", "line": 132}
{"timestamp": "2026-02-28T13:03:46.143743+00:00", "level": "ERROR", "logger": "mtcs.worker_manager", "message": "Worker 413438406 init failed: MT5 init failed: (-6, 'Terminal: Authorization failed')", "module": "worker_manager", "function": "spawn_worker", "line": 155}
{"timestamp": "2026-02-28T13:03:46.144260+00:00", "level": "WARNING", "logger": "mtcs.state", "message": "Worker spawn failed for 413438406: MT5 init failed: (-6, 'Terminal: Authorization failed')", "module": "deps", "function": "_spawn_saved_account_workers", "line": 174}
{"timestamp": "2026-02-28T13:03:46.150552+00:00", "level": "INFO", "logger": "mtcs.worker_manager", "message": "Spawned slave worker: 415362468@Exness-MT5Trial14 (pid=13136)", "module": "worker_manager", "function": "spawn_worker", "line": 132}
{"timestamp": "2026-02-28T13:03:46.547349+00:00", "level": "ERROR", "logger": "mtcs.worker_manager", "message": "Worker 415362468 init failed: MT5 init failed: (-6, 'Terminal: Authorization failed')", "module": "worker_manager", "function": "spawn_worker", "line": 155}
{"timestamp": "2026-02-28T13:03:46.547872+00:00", "level": "WARNING", "logger": "mtcs.state", "message": "Worker spawn failed for 415362468: MT5 init failed: (-6, 'Terminal: Authorization failed')", "module": "deps", "function": "_spawn_saved_account_workers", "line": 174}
{"timestamp": "2026-02-28T13:03:46.548386+00:00", "level": "INFO", "logger": "mtcs.state", "message": "Application state initialized (multi-process)", "module": "deps", "function": "initialize", "line": 112}
{"timestamp": "2026-02-28T13:03:46.548386+00:00", "level": "INFO", "logger": "mtcs.state", "message": "Access from mobile: http://192.168.1.8:9600", "module": "deps", "function": "initialize", "line": 113}
{"timestamp": "2026-02-28T13:03:46.548386+00:00", "level": "WARNING", "logger": "mtcs.state", "message": "Firewall: Port 9600/TCP may be blocked by Windows Firewall. To allow LAN access, run in an elevated PowerShell:\n  New-NetFirewallRule -DisplayName \"MTCS Trading\" -Direction Inbound -Protocol TCP -LocalPort 9600 -Action Allow", "module": "deps", "function": "initialize", "line": 118}
{"timestamp": "2026-02-28T13:04:43.999404+00:00", "level": "INFO", "logger": "mtcs", "message": "Logging initialized", "module": "logging_config", "function": "setup_logging", "line": 68}
{"timestamp": "2026-02-28T13:04:43.999404+00:00", "level": "INFO", "logger": "mtcs.main", "message": "============================================================", "module": "main", "function": "lifespan", "line": 38}
{"timestamp": "2026-02-28T13:04:43.999938+00:00", "level": "INFO", "logger": "mtcs.main", "message": "MT5 Copy Trading System starting...", "module": "main", "function": "lifespan", "line": 39}
{"timestamp": "2026-02-28T13:04:43.999938+00:00", "level": "INFO", "logger": "mtcs.main", "message": "Server: 0.0.0.0:9600", "module": "main", "function": "lifespan", "line": 40}
{"timestamp": "2026-02-28T13:04:43.999938+00:00", "level": "INFO", "logger": "mtcs.main", "message": "============================================================", "module": "main", "function": "lifespan", "line": 41}
{"timestamp": "2026-02-28T13:04:44.022968+00:00", "level": "INFO", "logger": "mtcs.database", "message": "Database connected: C:\\Users\\prave\\Downloads\\ANTIGRAVITY\\mtcs\\data\\mtcs.db (WAL mode)", "module": "database", "function": "connect", "line": 113}
{"timestamp": "2026-02-28T13:04:44.023691+00:00", "level": "INFO", "logger": "mtcs.database", "message": "Database schema initialized", "module": "database", "function": "init_schema", "line": 119}
{"timestamp": "2026-02-28T13:04:44.024196+00:00", "level": "INFO", "logger": "mtcs.credentials", "message": "Credential encryption initialized", "module": "credentials", "function": "initialize", "line": 47}
{"timestamp": "2026-02-28T13:04:44.105153+00:00", "level": "INFO", "logger": "mtcs.credentials", "message": "Loaded 0 accounts from credentials.json", "module": "credentials", "function": "load_credentials", "line": 69}
{"timestamp": "2026-02-28T13:04:44.106080+00:00", "level": "INFO", "logger": "mtcs.state", "message": "Application state initialized (multi-process)", "module": "deps", "function": "initialize", "line": 112}
{"timestamp": "2026-02-28T13:04:44.106582+00:00", "level": "INFO", "logger": "mtcs.state", "message": "Access from mobile: http://192.168.1.8:9600", "module": "deps", "function": "initialize", "line": 113}
{"timestamp": "2026-02-28T13:04:44.106582+00:00", "level": "WARNING", "logger": "mtcs.state", "message": "Firewall: Port 9600/TCP may be blocked by Windows Firewall. To allow LAN access, run in an elevated PowerShell:\n  New-NetFirewallRule -DisplayName \"MTCS Trading\" -Direction Inbound -Protocol TCP -LocalPort 9600 -Action Allow", "module": "deps", "function": "initialize", "line": 118}
{"timestamp": "2026-02-28T13:07:06.422087+00:00", "level": "INFO", "logger": "mtcs.worker_manager", "message": "Spawned master worker: 433264960@Exness-MT5Trial7 (pid=18132)", "module": "worker_manager", "function": "spawn_worker", "line": 132}
{"timestamp": "2026-02-28T13:07:06.975906+00:00", "level": "ERROR", "logger": "mtcs.worker_manager", "message": "Worker 433264960 init failed: MT5 init failed: (-6, 'Terminal: Authorization failed')", "module": "worker_manager", "function": "spawn_worker", "line": 155}
{"timestamp": "2026-02-28T13:07:06.983416+00:00", "level": "INFO", "logger": "mtcs.credentials", "message": "Loaded 0 accounts from credentials.json", "module": "credentials", "function": "load_credentials", "line": 69}
{"timestamp": "2026-02-28T13:07:06.984454+00:00", "level": "INFO", "logger": "mtcs.credentials", "message": "Saved 1 accounts to credentials.json", "module": "credentials", "function": "save_credentials", "line": 83}
{"timestamp": "2026-02-28T13:10:56.828911+00:00", "level": "INFO", "logger": "mtcs", "message": "Logging initialized", "module": "logging_config", "function": "setup_logging", "line": 68}
{"timestamp": "2026-02-28T13:10:56.829908+00:00", "level": "INFO", "logger": "mtcs.main", "message": "============================================================", "module": "main", "function": "lifespan", "line": 38}
{"timestamp": "2026-02-28T13:10:56.829908+00:00", "level": "INFO", "logger": "mtcs.main", "message": "MT5 Copy Trading System starting...", "module": "main", "function": "lifespan", "line": 39}
{"timestamp": "2026-02-28T13:10:56.829908+00:00", "level": "INFO", "logger": "mtcs.main", "message": "Server: 0.0.0.0:9600", "module": "main", "function": "lifespan", "line": 40}
{"timestamp": "2026-02-28T13:10:56.829908+00:00", "level": "INFO", "logger": "mtcs.main", "message": "============================================================", "module": "main", "function": "lifespan", "line": 41}
{"timestamp": "2026-02-28T13:10:56.885743+00:00", "level": "INFO", "logger": "mtcs.database", "message": "Database connected: C:\\Users\\prave\\Downloads\\ANTIGRAVITY\\mtcs\\data\\mtcs.db (WAL mode)", "module": "database", "function": "connect", "line": 113}
{"timestamp": "2026-02-28T13:10:56.886132+00:00", "level": "INFO", "logger": "mtcs.database", "message": "Database schema initialized", "module": "database", "function": "init_schema", "line": 119}
{"timestamp": "2026-02-28T13:10:56.887154+00:00", "level": "INFO", "logger": "mtcs.credentials", "message": "Credential encryption initialized", "module": "credentials", "function": "initialize", "line": 47}
{"timestamp": "2026-02-28T13:10:57.062509+00:00", "level": "INFO", "logger": "mtcs.credentials", "message": "Loaded 1 accounts from credentials.json", "module": "credentials", "function": "load_credentials", "line": 69}
{"timestamp": "2026-02-28T13:10:57.063222+00:00", "level": "INFO", "logger": "mtcs.state", "message": "Application state initialized (multi-process)", "module": "deps", "function": "initialize", "line": 112}
{"timestamp": "2026-02-28T13:10:57.063222+00:00", "level": "INFO", "logger": "mtcs.state", "message": "Access from mobile: http://192.168.1.8:9600", "module": "deps", "function": "initialize", "line": 113}
{"timestamp": "2026-02-28T13:10:57.063222+00:00", "level": "WARNING", "logger": "mtcs.state", "message": "Firewall: Port 9600/TCP may be blocked by Windows Firewall. To allow LAN access, run in an elevated PowerShell:\n  New-NetFirewallRule -DisplayName \"MTCS Trading\" -Direction Inbound -Protocol TCP -LocalPort 9600 -Action Allow", "module": "deps", "function": "initialize", "line": 118}
{"timestamp": "2026-02-28T13:12:12.313716+00:00", "level": "INFO", "logger": "mtcs.worker_manager", "message": "Spawned master worker: 433264960@Exness-MT5Trial7 (pid=19032)", "module": "worker_manager", "function": "spawn_worker", "line": 132}
{"timestamp": "2026-02-28T13:12:15.523257+00:00", "level": "INFO", "logger": "mtcs.worker_manager", "message": "Worker 433264960 initialized: 500.0", "module": "worker_manager", "function": "spawn_worker", "line": 147}
{"timestamp": "2026-02-28T13:12:15.526254+00:00", "level": "INFO", "logger": "mtcs.credentials", "message": "Loaded 0 accounts from credentials.json", "module": "credentials", "function": "load_credentials", "line": 69}
{"timestamp": "2026-02-28T13:12:15.526860+00:00", "level": "INFO", "logger": "mtcs.credentials", "message": "Saved 1 accounts to credentials.json", "module": "credentials", "function": "save_credentials", "line": 83}
{"timestamp": "2026-02-28T13:12:15.529484+00:00", "level": "INFO", "logger": "mtcs.worker_manager", "message": "Event listener started", "module": "worker_manager", "function": "_event_listener_loop", "line": 324}
{"timestamp": "2026-02-28T13:12:36.682753+00:00", "level": "INFO", "logger": "mtcs", "message": "Logging initialized", "module": "logging_config", "function": "setup_logging", "line": 68}
{"timestamp": "2026-02-28T13:12:36.682753+00:00", "level": "INFO", "logger": "mtcs.main", "message": "============================================================", "module": "main", "function": "lifespan", "line": 38}
{"timestamp": "2026-02-28T13:12:36.682753+00:00", "level": "INFO", "logger": "mtcs.main", "message": "MT5 Copy Trading System starting...", "module": "main", "function": "lifespan", "line": 39}
{"timestamp": "2026-02-28T13:12:36.683354+00:00", "level": "INFO", "logger": "mtcs.main", "message": "Server: 0.0.0.0:9600", "module": "main", "function": "lifespan", "line": 40}
{"timestamp": "2026-02-28T13:12:36.683354+00:00", "level": "INFO", "logger": "mtcs.main", "message": "============================================================", "module": "main", "function": "lifespan", "line": 41}
{"timestamp": "2026-02-28T13:12:36.700395+00:00", "level": "INFO", "logger": "mtcs.database", "message": "Database connected: C:\\Users\\prave\\Downloads\\ANTIGRAVITY\\mtcs\\data\\mtcs.db (WAL mode)", "module": "database", "function": "connect", "line": 113}
{"timestamp": "2026-02-28T13:12:36.701450+00:00", "level": "INFO", "logger": "mtcs.database", "message": "Database schema initialized", "module": "database", "function": "init_schema", "line": 119}
{"timestamp": "2026-02-28T13:12:36.702059+00:00", "level": "INFO", "logger": "mtcs.credentials", "message": "Credential encryption initialized", "module": "credentials", "function": "initialize", "line": 47}
{"timestamp": "2026-02-28T13:12:36.830849+00:00", "level": "INFO", "logger": "mtcs.credentials", "message": "Loaded 1 accounts from credentials.json", "module": "credentials", "function": "load_credentials", "line": 69}
{"timestamp": "2026-02-28T13:12:36.843581+00:00", "level": "INFO", "logger": "mtcs.worker_manager", "message": "Spawned master worker: 433264960@Exness-MT5Trial7 (pid=18252)", "module": "worker_manager", "function": "spawn_worker", "line": 132}
{"timestamp": "2026-02-28T13:12:37.276972+00:00", "level": "INFO", "logger": "mtcs.worker_manager", "message": "Worker 433264960 initialized: 500.0", "module": "worker_manager", "function": "spawn_worker", "line": 147}
{"timestamp": "2026-02-28T13:12:37.277531+00:00", "level": "INFO", "logger": "mtcs.state", "message": "Worker spawned: 433264960@Exness-MT5Trial7 (role=master, pid=18252)", "module": "deps", "function": "_spawn_saved_account_workers", "line": 161}
{"timestamp": "2026-02-28T13:12:37.278052+00:00", "level": "INFO", "logger": "mtcs.state", "message": "Application state initialized (multi-process)", "module": "deps", "function": "initialize", "line": 112}
{"timestamp": "2026-02-28T13:12:37.278052+00:00", "level": "INFO", "logger": "mtcs.state", "message": "Access from mobile: http://192.168.1.8:9600", "module": "deps", "function": "initialize", "line": 113}
{"timestamp": "2026-02-28T13:12:37.278052+00:00", "level": "WARNING", "logger": "mtcs.state", "message": "Firewall: Port 9600/TCP may be blocked by Windows Firewall. To allow LAN access, run in an elevated PowerShell:\n  New-NetFirewallRule -DisplayName \"MTCS Trading\" -Direction Inbound -Protocol TCP -LocalPort 9600 -Action Allow", "module": "deps", "function": "initialize", "line": 118}
{"timestamp": "2026-02-28T13:14:26.716326+00:00", "level": "INFO", "logger": "mtcs.worker_manager", "message": "Spawned slave worker: 415362468@Exness-MT5Trial14 (pid=20956)", "module": "worker_manager", "function": "spawn_worker", "line": 132}
{"timestamp": "2026-02-28T13:14:31.272841+00:00", "level": "INFO", "logger": "mtcs.worker_manager", "message": "Worker 415362468 initialized: 500.0", "module": "worker_manager", "function": "spawn_worker", "line": 147}
{"timestamp": "2026-02-28T13:14:31.275225+00:00", "level": "INFO", "logger": "mtcs.credentials", "message": "Loaded 1 accounts from credentials.json", "module": "credentials", "function": "load_credentials", "line": 69}
{"timestamp": "2026-02-28T13:14:31.276731+00:00", "level": "INFO", "logger": "mtcs.credentials", "message": "Saved 2 accounts to credentials.json", "module": "credentials", "function": "save_credentials", "line": 83}
{"timestamp": "2026-02-28T13:16:23.097298+00:00", "level": "INFO", "logger": "mtcs", "message": "Logging initialized", "module": "logging_config", "function": "setup_logging", "line": 68}
{"timestamp": "2026-02-28T13:16:23.097892+00:00", "level": "INFO", "logger": "mtcs.main", "message": "============================================================", "module": "main", "function": "lifespan", "line": 38}
{"timestamp": "2026-02-28T13:16:23.097892+00:00", "level": "INFO", "logger": "mtcs.main", "message": "MT5 Copy Trading System starting...", "module": "main", "function": "lifespan", "line": 39}
{"timestamp": "2026-02-28T13:16:23.097892+00:00", "level": "INFO", "logger": "mtcs.main", "message": "Server: 0.0.0.0:9600", "module": "main", "function": "lifespan", "line": 40}
{"timestamp": "2026-02-28T13:16:23.097892+00:00", "level": "INFO", "logger": "mtcs.main", "message": "============================================================", "module": "main", "function": "lifespan", "line": 41}
{"timestamp": "2026-02-28T13:16:23.124953+00:00", "level": "INFO", "logger": "mtcs.database", "message": "Database connected: C:\\Users\\prave\\Downloads\\ANTIGRAVITY\\mtcs\\data\\mtcs.db (WAL mode)", "module": "database", "function": "connect", "line": 113}
{"timestamp": "2026-02-28T13:16:23.126679+00:00", "level": "INFO", "logger": "mtcs.database", "message": "Database schema initialized", "module": "database", "function": "init_schema", "line": 119}
{"timestamp": "2026-02-28T13:16:23.127211+00:00", "level": "INFO", "logger": "mtcs.credentials", "message": "Credential encryption initialized", "module": "credentials", "function": "initialize", "line": 47}
{"timestamp": "2026-02-28T13:16:23.228569+00:00", "level": "INFO", "logger": "mtcs.credentials", "message": "Loaded 2 accounts from credentials.json", "module": "credentials", "function": "load_credentials", "line": 69}
{"timestamp": "2026-02-28T13:16:23.238620+00:00", "level": "INFO", "logger": "mtcs.worker_manager", "message": "Spawned slave worker: 415362468@Exness-MT5Trial14 (pid=6496)", "module": "worker_manager", "function": "spawn_worker", "line": 132}
{"timestamp": "2026-02-28T13:16:23.658789+00:00", "level": "INFO", "logger": "mtcs.worker_manager", "message": "Worker 415362468 initialized: 500.0", "module": "worker_manager", "function": "spawn_worker", "line": 147}
{"timestamp": "2026-02-28T13:16:23.658789+00:00", "level": "INFO", "logger": "mtcs.state", "message": "Worker spawned: 415362468@Exness-MT5Trial14 (role=slave, pid=6496)", "module": "deps", "function": "_spawn_saved_account_workers", "line": 161}
{"timestamp": "2026-02-28T13:16:23.663089+00:00", "level": "INFO", "logger": "mtcs.worker_manager", "message": "Spawned master worker: 433264960@Exness-MT5Trial7 (pid=9664)", "module": "worker_manager", "function": "spawn_worker", "line": 132}
{"timestamp": "2026-02-28T13:16:30.479595+00:00", "level": "INFO", "logger": "mtcs.worker_manager", "message": "Worker 433264960 initialized: 500.0", "module": "worker_manager", "function": "spawn_worker", "line": 147}
{"timestamp": "2026-02-28T13:16:30.479595+00:00", "level": "INFO", "logger": "mtcs.state", "message": "Worker spawned: 433264960@Exness-MT5Trial7 (role=master, pid=9664)", "module": "deps", "function": "_spawn_saved_account_workers", "line": 161}
{"timestamp": "2026-02-28T13:16:30.480593+00:00", "level": "INFO", "logger": "mtcs.state", "message": "Application state initialized (multi-process)", "module": "deps", "function": "initialize", "line": 112}
{"timestamp": "2026-02-28T13:16:30.480593+00:00", "level": "INFO", "logger": "mtcs.state", "message": "Access from mobile: http://192.168.1.8:9600", "module": "deps", "function": "initialize", "line": 113}
{"timestamp": "2026-02-28T13:16:30.480593+00:00", "level": "WARNING", "logger": "mtcs.state", "message": "Firewall: Port 9600/TCP may be blocked by Windows Firewall. To allow LAN access, run in an elevated PowerShell:\n  New-NetFirewallRule -DisplayName \"MTCS Trading\" -Direction Inbound -Protocol TCP -LocalPort 9600 -Action Allow", "module": "deps", "function": "initialize", "line": 118}
{"timestamp": "2026-02-28T13:21:22.279547+00:00", "level": "INFO", "logger": "mtcs", "message": "Logging initialized", "module": "logging_config", "function": "setup_logging", "line": 68}
{"timestamp": "2026-02-28T13:21:22.279547+00:00", "level": "INFO", "logger": "mtcs.main", "message": "============================================================", "module": "main", "function": "lifespan", "line": 38}
{"timestamp": "2026-02-28T13:21:22.280069+00:00", "level": "INFO", "logger": "mtcs.main", "message": "MT5 Copy Trading System starting...", "module": "main", "function": "lifespan", "line": 39}
{"timestamp": "2026-02-28T13:21:22.280069+00:00", "level": "INFO", "logger": "mtcs.main", "message": "Server: 0.0.0.0:9600", "module": "main", "function": "lifespan", "line": 40}
{"timestamp": "2026-02-28T13:21:22.280069+00:00", "level": "INFO", "logger": "mtcs.main", "message": "============================================================", "module": "main", "function": "lifespan", "line": 41}
{"timestamp": "2026-02-28T13:21:22.302640+00:00", "level": "INFO", "logger": "mtcs.database", "message": "Database connected: C:\\Users\\prave\\Downloads\\ANTIGRAVITY\\mtcs\\data\\mtcs.db (WAL mode)", "module": "database", "function": "connect", "line": 113}
{"timestamp": "2026-02-28T13:21:22.304161+00:00", "level": "INFO", "logger": "mtcs.database", "message": "Database schema initialized", "module": "database", "function": "init_schema", "line": 119}
{"timestamp": "2026-02-28T13:21:22.304673+00:00", "level": "INFO", "logger": "mtcs.credentials", "message": "Credential encryption initialized", "module": "credentials", "function": "initialize", "line": 47}
{"timestamp": "2026-02-28T13:21:22.394047+00:00", "level": "INFO", "logger": "mtcs.credentials", "message": "Loaded 2 accounts from credentials.json", "module": "credentials", "function": "load_credentials", "line": 69}
{"timestamp": "2026-02-28T13:21:22.405757+00:00", "level": "INFO", "logger": "mtcs.worker_manager", "message": "Spawned slave worker: 415362468@Exness-MT5Trial14 (pid=22396)", "module": "worker_manager", "function": "spawn_worker", "line": 132}
{"timestamp": "2026-02-28T13:21:25.762599+00:00", "level": "INFO", "logger": "mtcs.worker_manager", "message": "Worker 415362468 initialized: 500.0", "module": "worker_manager", "function": "spawn_worker", "line": 147}
{"timestamp": "2026-02-28T13:21:25.763176+00:00", "level": "INFO", "logger": "mtcs.state", "message": "Worker spawned: 415362468@Exness-MT5Trial14 (role=slave, pid=22396)", "module": "deps", "function": "_spawn_saved_account_workers", "line": 161}
{"timestamp": "2026-02-28T13:21:25.770566+00:00", "level": "INFO", "logger": "mtcs.worker_manager", "message": "Spawned master worker: 433264960@Exness-MT5Trial7 (pid=5112)", "module": "worker_manager", "function": "spawn_worker", "line": 132}
{"timestamp": "2026-02-28T13:21:27.803892+00:00", "level": "INFO", "logger": "mtcs.worker_manager", "message": "Worker 433264960 initialized: 500.0", "module": "worker_manager", "function": "spawn_worker", "line": 147}
{"timestamp": "2026-02-28T13:21:27.804395+00:00", "level": "INFO", "logger": "mtcs.state", "message": "Worker spawned: 433264960@Exness-MT5Trial7 (role=master, pid=5112)", "module": "deps", "function": "_spawn_saved_account_workers", "line": 161}
{"timestamp": "2026-02-28T13:21:27.804917+00:00", "level": "INFO", "logger": "mtcs.state", "message": "Application state initialized (multi-process)", "module": "deps", "function": "initialize", "line": 112}
{"timestamp": "2026-02-28T13:21:27.804917+00:00", "level": "INFO", "logger": "mtcs.state", "message": "Access from mobile: http://192.168.1.8:9600", "module": "deps", "function": "initialize", "line": 113}
{"timestamp": "2026-02-28T13:21:27.804917+00:00", "level": "WARNING", "logger": "mtcs.state", "message": "Firewall: Port 9600/TCP may be blocked by Windows Firewall. To allow LAN access, run in an elevated PowerShell:\n  New-NetFirewallRule -DisplayName \"MTCS Trading\" -Direction Inbound -Protocol TCP -LocalPort 9600 -Action Allow", "module": "deps", "function": "initialize", "line": 118}
{"timestamp": "2026-02-28T13:26:39.462805+00:00", "level": "INFO", "logger": "mtcs", "message": "Logging initialized", "module": "logging_config", "function": "setup_logging", "line": 68}
{"timestamp": "2026-02-28T13:26:39.463337+00:00", "level": "INFO", "logger": "mtcs.main", "message": "============================================================", "module": "main", "function": "lifespan", "line": 38}
{"timestamp": "2026-02-28T13:26:39.463337+00:00", "level": "INFO", "logger": "mtcs.main", "message": "MT5 Copy Trading System starting...", "module": "main", "function": "lifespan", "line": 39}
{"timestamp": "2026-02-28T13:26:39.463337+00:00", "level": "INFO", "logger": "mtcs.main", "message": "Server: 0.0.0.0:9600", "module": "main", "function": "lifespan", "line": 40}
{"timestamp": "2026-02-28T13:26:39.463883+00:00", "level": "INFO", "logger": "mtcs.main", "message": "============================================================", "module": "main", "function": "lifespan", "line": 41}
{"timestamp": "2026-02-28T13:26:39.478199+00:00", "level": "INFO", "logger": "mtcs.database", "message": "Database connected: C:\\Users\\prave\\Downloads\\ANTIGRAVITY\\mtcs\\data\\mtcs.db (WAL mode)", "module": "database", "function": "connect", "line": 113}
{"timestamp": "2026-02-28T13:26:39.479215+00:00", "level": "INFO", "logger": "mtcs.database", "message": "Database schema initialized", "module": "database", "function": "init_schema", "line": 119}
{"timestamp": "2026-02-28T13:26:39.479718+00:00", "level": "INFO", "logger": "mtcs.credentials", "message": "Credential encryption initialized", "module": "credentials", "function": "initialize", "line": 47}
{"timestamp": "2026-02-28T13:26:39.575148+00:00", "level": "INFO", "logger": "mtcs.credentials", "message": "Loaded 2 accounts from credentials.json", "module": "credentials", "function": "load_credentials", "line": 69}
{"timestamp": "2026-02-28T13:26:39.582434+00:00", "level": "INFO", "logger": "mtcs.worker_manager", "message": "Spawned slave worker: 415362468@Exness-MT5Trial14 (pid=7148)", "module": "worker_manager", "function": "spawn_worker", "line": 132}
{"timestamp": "2026-02-28T13:26:41.781158+00:00", "level": "INFO", "logger": "mtcs.worker_manager", "message": "Worker 415362468 initialized: 500.0", "module": "worker_manager", "function": "spawn_worker", "line": 147}
{"timestamp": "2026-02-28T13:26:41.781917+00:00", "level": "INFO", "logger": "mtcs.state", "message": "Worker spawned: 415362468@Exness-MT5Trial14 (role=slave, pid=7148)", "module": "deps", "function": "_spawn_saved_account_workers", "line": 161}
{"timestamp": "2026-02-28T13:26:41.789930+00:00", "level": "INFO", "logger": "mtcs.worker_manager", "message": "Spawned master worker: 433264960@Exness-MT5Trial7 (pid=19948)", "module": "worker_manager", "function": "spawn_worker", "line": 132}
{"timestamp": "2026-02-28T13:26:43.758542+00:00", "level": "INFO", "logger": "mtcs.worker_manager", "message": "Worker 433264960 initialized: 500.0", "module": "worker_manager", "function": "spawn_worker", "line": 147}
{"timestamp": "2026-02-28T13:26:43.758542+00:00", "level": "INFO", "logger": "mtcs.state", "message": "Worker spawned: 433264960@Exness-MT5Trial7 (role=master, pid=19948)", "module": "deps", "function": "_spawn_saved_account_workers", "line": 161}
{"timestamp": "2026-02-28T13:26:43.759571+00:00", "level": "INFO", "logger": "mtcs.state", "message": "Application state initialized (multi-process)", "module": "deps", "function": "initialize", "line": 112}
{"timestamp": "2026-02-28T13:26:43.759571+00:00", "level": "INFO", "logger": "mtcs.state", "message": "Access from mobile: http://192.168.1.8:9600", "module": "deps", "function": "initialize", "line": 113}
{"timestamp": "2026-02-28T13:26:43.759571+00:00", "level": "WARNING", "logger": "mtcs.state", "message": "Firewall: Port 9600/TCP may be blocked by Windows Firewall. To allow LAN access, run in an elevated PowerShell:\n  New-NetFirewallRule -DisplayName \"MTCS Trading\" -Direction Inbound -Protocol TCP -LocalPort 9600 -Action Allow", "module": "deps", "function": "initialize", "line": 118}
{"timestamp": "2026-02-28T13:43:00.240989+00:00", "level": "INFO", "logger": "mtcs", "message": "Logging initialized", "module": "logging_config", "function": "setup_logging", "line": 68}
{"timestamp": "2026-02-28T13:43:00.241538+00:00", "level": "INFO", "logger": "mtcs.main", "message": "============================================================", "module": "main", "function": "lifespan", "line": 38}
{"timestamp": "2026-02-28T13:43:00.241538+00:00", "level": "INFO", "logger": "mtcs.main", "message": "MT5 Copy Trading System starting...", "module": "main", "function": "lifespan", "line": 39}
{"timestamp": "2026-02-28T13:43:00.241538+00:00", "level": "INFO", "logger": "mtcs.main", "message": "Server: 0.0.0.0:9600", "module": "main", "function": "lifespan", "line": 40}
{"timestamp": "2026-02-28T13:43:00.241538+00:00", "level": "INFO", "logger": "mtcs.main", "message": "============================================================", "module": "main", "function": "lifespan", "line": 41}
{"timestamp": "2026-02-28T13:43:00.269626+00:00", "level": "INFO", "logger": "mtcs.database", "message": "Database connected: C:\\Users\\prave\\Downloads\\ANTIGRAVITY\\mtcs\\data\\mtcs.db (WAL mode)", "module": "database", "function": "connect", "line": 113}
{"timestamp": "2026-02-28T13:43:00.270356+00:00", "level": "INFO", "logger": "mtcs.database", "message": "Database schema initialized", "module": "database", "function": "init_schema", "line": 119}
{"timestamp": "2026-02-28T13:43:00.270876+00:00", "level": "INFO", "logger": "mtcs.credentials", "message": "Credential encryption initialized", "module": "credentials", "function": "initialize", "line": 47}
{"timestamp": "2026-02-28T13:43:00.408877+00:00", "level": "INFO", "logger": "mtcs.credentials", "message": "Loaded 2 accounts from credentials.json", "module": "credentials", "function": "load_credentials", "line": 69}
{"timestamp": "2026-02-28T13:43:00.422876+00:00", "level": "INFO", "logger": "mtcs.worker_manager", "message": "Spawned slave worker: 415362468@Exness-MT5Trial14 (pid=16476)", "module": "worker_manager", "function": "spawn_worker", "line": 132}
{"timestamp": "2026-02-28T13:43:02.331249+00:00", "level": "INFO", "logger": "mtcs.worker_manager", "message": "Worker 415362468 initialized: 500.0", "module": "worker_manager", "function": "spawn_worker", "line": 147}
{"timestamp": "2026-02-28T13:43:02.332188+00:00", "level": "INFO", "logger": "mtcs.state", "message": "Worker spawned: 415362468@Exness-MT5Trial14 (role=slave, pid=16476)", "module": "deps", "function": "_spawn_saved_account_workers", "line": 161}
{"timestamp": "2026-02-28T13:43:02.337941+00:00", "level": "INFO", "logger": "mtcs.worker_manager", "message": "Spawned master worker: 433264960@Exness-MT5Trial7 (pid=6524)", "module": "worker_manager", "function": "spawn_worker", "line": 132}
{"timestamp": "2026-02-28T13:43:03.790475+00:00", "level": "INFO", "logger": "mtcs.worker_manager", "message": "Worker 433264960 initialized: 499.2", "module": "worker_manager", "function": "spawn_worker", "line": 147}
{"timestamp": "2026-02-28T13:43:03.790475+00:00", "level": "INFO", "logger": "mtcs.state", "message": "Worker spawned: 433264960@Exness-MT5Trial7 (role=master, pid=6524)", "module": "deps", "function": "_spawn_saved_account_workers", "line": 161}
{"timestamp": "2026-02-28T13:43:03.790994+00:00", "level": "INFO", "logger": "mtcs.state", "message": "Application state initialized (multi-process)", "module": "deps", "function": "initialize", "line": 112}
{"timestamp": "2026-02-28T13:43:03.791511+00:00", "level": "INFO", "logger": "mtcs.state", "message": "Access from mobile: http://192.168.1.8:9600", "module": "deps", "function": "initialize", "line": 113}
{"timestamp": "2026-02-28T13:43:03.791511+00:00", "level": "WARNING", "logger": "mtcs.state", "message": "Firewall: Port 9600/TCP may be blocked by Windows Firewall. To allow LAN access, run in an elevated PowerShell:\n  New-NetFirewallRule -DisplayName \"MTCS Trading\" -Direction Inbound -Protocol TCP -LocalPort 9600 -Action Allow", "module": "deps", "function": "initialize", "line": 118}
{"timestamp": "2026-02-28T13:49:10.550439+00:00", "level": "INFO", "logger": "mtcs.worker_manager", "message": "Worker 415362468 terminated", "module": "worker_manager", "function": "kill_worker", "line": 181}
{"timestamp": "2026-02-28T13:49:11.076328+00:00", "level": "INFO", "logger": "mtcs.worker_manager", "message": "Spawned slave worker: 415362468@Exness-MT5Trial14 (pid=9856)", "module": "worker_manager", "function": "spawn_worker", "line": 132}
{"timestamp": "2026-02-28T13:49:14.234406+00:00", "level": "INFO", "logger": "mtcs.worker_manager", "message": "Worker 415362468 initialized: 500.0", "module": "worker_manager", "function": "spawn_worker", "line": 147}
{"timestamp": "2026-02-28T14:04:48.516403+00:00", "level": "INFO", "logger": "mtcs", "message": "Logging initialized", "module": "logging_config", "function": "setup_logging", "line": 68}
{"timestamp": "2026-02-28T14:04:48.516403+00:00", "level": "INFO", "logger": "mtcs.main", "message": "============================================================", "module": "main", "function": "lifespan", "line": 38}
{"timestamp": "2026-02-28T14:04:48.516403+00:00", "level": "INFO", "logger": "mtcs.main", "message": "MT5 Copy Trading System starting...", "module": "main", "function": "lifespan", "line": 39}
{"timestamp": "2026-02-28T14:04:48.517906+00:00", "level": "INFO", "logger": "mtcs.main", "message": "Server: 0.0.0.0:9600", "module": "main", "function": "lifespan", "line": 40}
{"timestamp": "2026-02-28T14:04:48.517906+00:00", "level": "INFO", "logger": "mtcs.main", "message": "============================================================", "module": "main", "function": "lifespan", "line": 41}
{"timestamp": "2026-02-28T14:04:48.550187+00:00", "level": "INFO", "logger": "mtcs.database", "message": "Database connected: C:\\Users\\prave\\Downloads\\ANTIGRAVITY\\mtcs\\data\\mtcs.db (WAL mode)", "module": "database", "function": "connect", "line": 113}
{"timestamp": "2026-02-28T14:04:48.551183+00:00", "level": "INFO", "logger": "mtcs.database", "message": "Database schema initialized", "module": "database", "function": "init_schema", "line": 119}
{"timestamp": "2026-02-28T14:04:48.551685+00:00", "level": "INFO", "logger": "mtcs.credentials", "message": "Credential encryption initialized", "module": "credentials", "function": "initialize", "line": 47}
{"timestamp": "2026-02-28T14:04:48.702350+00:00", "level": "INFO", "logger": "mtcs.credentials", "message": "Loaded 2 accounts from credentials.json", "module": "credentials", "function": "load_credentials", "line": 69}
{"timestamp": "2026-02-28T14:04:48.718535+00:00", "level": "INFO", "logger": "mtcs.worker_manager", "message": "Spawned slave worker: 415362468@Exness-MT5Trial14 (pid=25580)", "module": "worker_manager", "function": "spawn_worker", "line": 132}
{"timestamp": "2026-02-28T14:04:49.390952+00:00", "level": "INFO", "logger": "mtcs.worker_manager", "message": "Worker 415362468 initialized: 500.0", "module": "worker_manager", "function": "spawn_worker", "line": 147}
{"timestamp": "2026-02-28T14:04:49.391491+00:00", "level": "INFO", "logger": "mtcs.state", "message": "Worker spawned: 415362468@Exness-MT5Trial14 (role=slave, pid=25580)", "module": "deps", "function": "_spawn_saved_account_workers", "line": 161}
{"timestamp": "2026-02-28T14:04:49.400405+00:00", "level": "INFO", "logger": "mtcs.worker_manager", "message": "Spawned master worker: 433264960@Exness-MT5Trial7 (pid=9352)", "module": "worker_manager", "function": "spawn_worker", "line": 132}
{"timestamp": "2026-02-28T14:04:51.830372+00:00", "level": "INFO", "logger": "mtcs.worker_manager", "message": "Worker 433264960 initialized: 500.25", "module": "worker_manager", "function": "spawn_worker", "line": 147}
{"timestamp": "2026-02-28T14:04:51.830372+00:00", "level": "INFO", "logger": "mtcs.state", "message": "Worker spawned: 433264960@Exness-MT5Trial7 (role=master, pid=9352)", "module": "deps", "function": "_spawn_saved_account_workers", "line": 161}
{"timestamp": "2026-02-28T14:04:51.831371+00:00", "level": "INFO", "logger": "mtcs.state", "message": "Application state initialized (multi-process)", "module": "deps", "function": "initialize", "line": 112}
{"timestamp": "2026-02-28T14:04:51.831876+00:00", "level": "INFO", "logger": "mtcs.state", "message": "Access from mobile: http://192.168.1.8:9600", "module": "deps", "function": "initialize", "line": 113}
{"timestamp": "2026-02-28T14:04:51.831876+00:00", "level": "WARNING", "logger": "mtcs.state", "message": "Firewall: Port 9600/TCP may be blocked by Windows Firewall. To allow LAN access, run in an elevated PowerShell:\n  New-NetFirewallRule -DisplayName \"MTCS Trading\" -Direction Inbound -Protocol TCP -LocalPort 9600 -Action Allow", "module": "deps", "function": "initialize", "line": 118}
{"timestamp": "2026-02-28T14:12:42.749826+00:00", "level": "INFO", "logger": "mtcs.copier", "message": "Trade copier resumed", "module": "trade_copier", "function": "resume", "line": 310}
{"timestamp": "2026-02-28T14:12:43.716693+00:00", "level": "INFO", "logger": "mtcs.copier", "message": "Trade copier resumed", "module": "trade_copier", "function": "resume", "line": 310}
{"timestamp": "2026-02-28T14:22:55.137020+00:00", "level": "INFO", "logger": "mtcs", "message": "Logging initialized", "module": "logging_config", "function": "setup_logging", "line": 68}
{"timestamp": "2026-02-28T14:22:55.138077+00:00", "level": "INFO", "logger": "mtcs.main", "message": "============================================================", "module": "main", "function": "lifespan", "line": 38}
{"timestamp": "2026-02-28T14:22:55.138077+00:00", "level": "INFO", "logger": "mtcs.main", "message": "MT5 Copy Trading System starting...", "module": "main", "function": "lifespan", "line": 39}
{"timestamp": "2026-02-28T14:22:55.138077+00:00", "level": "INFO", "logger": "mtcs.main", "message": "Server: 0.0.0.0:9600", "module": "main", "function": "lifespan", "line": 40}
{"timestamp": "2026-02-28T14:22:55.138077+00:00", "level": "INFO", "logger": "mtcs.main", "message": "============================================================", "module": "main", "function": "lifespan", "line": 41}
{"timestamp": "2026-02-28T14:22:55.218320+00:00", "level": "INFO", "logger": "mtcs.database", "message": "Database connected: C:\\Users\\prave\\Downloads\\ANTIGRAVITY\\mtcs\\data\\mtcs.db (WAL mode)", "module": "database", "function": "connect", "line": 113}
{"timestamp": "2026-02-28T14:22:55.219320+00:00", "level": "INFO", "logger": "mtcs.database", "message": "Database schema initialized", "module": "database", "function": "init_schema", "line": 119}
{"timestamp": "2026-02-28T14:22:55.221313+00:00", "level": "INFO", "logger": "mtcs.credentials", "message": "Credential encryption initialized", "module": "credentials", "function": "initialize", "line": 47}
{"timestamp": "2026-02-28T14:22:55.671583+00:00", "level": "INFO", "logger": "mtcs.credentials", "message": "Loaded 2 accounts from credentials.json", "module": "credentials", "function": "load_credentials", "line": 69}
{"timestamp": "2026-02-28T14:22:55.710354+00:00", "level": "INFO", "logger": "mtcs.worker_manager", "message": "Spawned slave worker: 415362468@Exness-MT5Trial14 (pid=19888)", "module": "worker_manager", "function": "spawn_worker", "line": 132}
{"timestamp": "2026-02-28T14:22:58.573022+00:00", "level": "INFO", "logger": "mtcs.worker_manager", "message": "Worker 415362468 initialized: 500.0", "module": "worker_manager", "function": "spawn_worker", "line": 147}
{"timestamp": "2026-02-28T14:22:58.575054+00:00", "level": "INFO", "logger": "mtcs.state", "message": "Worker spawned: 415362468@Exness-MT5Trial14 (role=slave, pid=19888)", "module": "deps", "function": "_spawn_saved_account_workers", "line": 161}
{"timestamp": "2026-02-28T14:22:58.598203+00:00", "level": "INFO", "logger": "mtcs.worker_manager", "message": "Spawned master worker: 433264960@Exness-MT5Trial7 (pid=9948)", "module": "worker_manager", "function": "spawn_worker", "line": 132}
{"timestamp": "2026-02-28T14:23:01.407711+00:00", "level": "INFO", "logger": "mtcs.worker_manager", "message": "Worker 433264960 initialized: 498.59", "module": "worker_manager", "function": "spawn_worker", "line": 147}
{"timestamp": "2026-02-28T14:23:01.408227+00:00", "level": "INFO", "logger": "mtcs.state", "message": "Worker spawned: 433264960@Exness-MT5Trial7 (role=master, pid=9948)", "module": "deps", "function": "_spawn_saved_account_workers", "line": 161}
{"timestamp": "2026-02-28T14:23:01.408744+00:00", "level": "INFO", "logger": "mtcs.state", "message": "Application state initialized (multi-process)", "module": "deps", "function": "initialize", "line": 112}
{"timestamp": "2026-02-28T14:23:01.408744+00:00", "level": "INFO", "logger": "mtcs.state", "message": "Access from mobile: http://192.168.1.8:9600", "module": "deps", "function": "initialize", "line": 113}
{"timestamp": "2026-02-28T14:23:01.409257+00:00", "level": "WARNING", "logger": "mtcs.state", "message": "Firewall: Port 9600/TCP may be blocked by Windows Firewall. To allow LAN access, run in an elevated PowerShell:\n  New-NetFirewallRule -DisplayName \"MTCS Trading\" -Direction Inbound -Protocol TCP -LocalPort 9600 -Action Allow", "module": "deps", "function": "initialize", "line": 118}
{"timestamp": "2026-02-28T18:51:18.182673+00:00", "level": "INFO", "logger": "mtcs", "message": "Logging initialized", "module": "logging_config", "function": "setup_logging", "line": 68}
{"timestamp": "2026-02-28T18:51:18.183184+00:00", "level": "INFO", "logger": "mtcs.main", "message": "============================================================", "module": "main", "function": "lifespan", "line": 38}
{"timestamp": "2026-02-28T18:51:18.183184+00:00", "level": "INFO", "logger": "mtcs.main", "message": "MT5 Copy Trading System starting...", "module": "main", "function": "lifespan", "line": 39}
{"timestamp": "2026-02-28T18:51:18.183184+00:00", "level": "INFO", "logger": "mtcs.main", "message": "Server: 0.0.0.0:9600", "module": "main", "function": "lifespan", "line": 40}
{"timestamp": "2026-02-28T18:51:18.183184+00:00", "level": "INFO", "logger": "mtcs.main", "message": "============================================================", "module": "main", "function": "lifespan", "line": 41}
{"timestamp": "2026-02-28T18:51:18.219845+00:00", "level": "INFO", "logger": "mtcs.database", "message": "Database connected: C:\\Users\\prave\\Downloads\\ANTIGRAVITY\\mtcs\\data\\mtcs.db (WAL mode)", "module": "database", "function": "connect", "line": 113}
{"timestamp": "2026-02-28T18:51:18.221258+00:00", "level": "INFO", "logger": "mtcs.database", "message": "Database schema initialized", "module": "database", "function": "init_schema", "line": 119}
{"timestamp": "2026-02-28T18:51:18.222826+00:00", "level": "INFO", "logger": "mtcs.credentials", "message": "Credential encryption initialized", "module": "credentials", "function": "initialize", "line": 47}
{"timestamp": "2026-02-28T18:51:18.380723+00:00", "level": "INFO", "logger": "mtcs.credentials", "message": "Loaded 2 accounts from credentials.json", "module": "credentials", "function": "load_credentials", "line": 69}
{"timestamp": "2026-02-28T18:51:18.413338+00:00", "level": "INFO", "logger": "mtcs.worker_manager", "message": "Spawned slave worker: 415362468@Exness-MT5Trial14 (pid=11236)", "module": "worker_manager", "function": "spawn_worker", "line": 132}
{"timestamp": "2026-02-28T18:51:20.530032+00:00", "level": "INFO", "logger": "mtcs.worker_manager", "message": "Worker 415362468 initialized: 500.0", "module": "worker_manager", "function": "spawn_worker", "line": 147}
{"timestamp": "2026-02-28T18:51:20.530032+00:00", "level": "INFO", "logger": "mtcs.state", "message": "Worker spawned: 415362468@Exness-MT5Trial14 (role=slave, pid=11236)", "module": "deps", "function": "_spawn_saved_account_workers", "line": 161}
{"timestamp": "2026-02-28T18:51:20.538114+00:00", "level": "INFO", "logger": "mtcs.worker_manager", "message": "Spawned master worker: 433264960@Exness-MT5Trial7 (pid=328)", "module": "worker_manager", "function": "spawn_worker", "line": 132}
{"timestamp": "2026-02-28T18:51:22.425974+00:00", "level": "INFO", "logger": "mtcs.worker_manager", "message": "Worker 433264960 initialized: 498.59", "module": "worker_manager", "function": "spawn_worker", "line": 147}
{"timestamp": "2026-02-28T18:51:22.425974+00:00", "level": "INFO", "logger": "mtcs.state", "message": "Worker spawned: 433264960@Exness-MT5Trial7 (role=master, pid=328)", "module": "deps", "function": "_spawn_saved_account_workers", "line": 161}
{"timestamp": "2026-02-28T18:51:22.425974+00:00", "level": "INFO", "logger": "mtcs.state", "message": "Application state initialized (multi-process)", "module": "deps", "function": "initialize", "line": 112}
{"timestamp": "2026-02-28T18:51:22.425974+00:00", "level": "INFO", "logger": "mtcs.state", "message": "Access from mobile: http://192.168.1.8:9600", "module": "deps", "function": "initialize", "line": 113}
{"timestamp": "2026-02-28T18:51:22.425974+00:00", "level": "WARNING", "logger": "mtcs.state", "message": "Firewall: Port 9600/TCP may be blocked by Windows Firewall. To allow LAN access, run in an elevated PowerShell:\n  New-NetFirewallRule -DisplayName \"MTCS Trading\" -Direction Inbound -Protocol TCP -LocalPort 9600 -Action Allow", "module": "deps", "function": "initialize", "line": 118}
{"timestamp": "2026-02-28T19:05:21.633929+00:00", "level": "INFO", "logger": "mtcs.copier", "message": "Trade copier resumed", "module": "trade_copier", "function": "resume", "line": 310}
{"timestamp": "2026-02-28T19:05:44.297619+00:00", "level": "INFO", "logger": "mtcs.copier", "message": "Trade copier resumed", "module": "trade_copier", "function": "resume", "line": 310}
{"timestamp": "2026-02-28T19:07:09.978788+00:00", "level": "INFO", "logger": "mtcs.copier", "message": "Trade copier resumed", "module": "trade_copier", "function": "resume", "line": 310}
{"timestamp": "2026-02-28T19:07:25.075109+00:00", "level": "INFO", "logger": "mtcs.copier", "message": "Trade copier resumed", "module": "trade_copier", "function": "resume", "line": 310}
{"timestamp": "2026-02-28T19:07:25.769540+00:00", "level": "INFO", "logger": "mtcs.copier", "message": "Trade copier resumed", "module": "trade_copier", "function": "resume", "line": 310}
{"timestamp": "2026-02-28T19:10:40.045224+00:00", "level": "INFO", "logger": "mtcs.copier", "message": "Trade copier resumed", "module": "trade_copier", "function": "resume", "line": 310}
{"timestamp": "2026-02-28T19:12:21.229477+00:00", "level": "ERROR", "logger": "asyncio", "message": "Exception in callback _ProactorBasePipeTransport._call_connection_lost(None)\nhandle: <Handle _ProactorBasePipeTransport._call_connection_lost(None)>", "module": "base_events", "function": "default_exception_handler", "line": 1826, "exception": "Traceback (most recent call last):\n  File \"C:\\Users\\prave\\AppData\\Local\\Programs\\Python\\Python312\\Lib\\asyncio\\events.py\", line 88, in _run\n    self._context.run(self._callback, *self._args)\n  File \"C:\\Users\\prave\\AppData\\Local\\Programs\\Python\\Python312\\Lib\\asyncio\\proactor_events.py\", line 165, in _call_connection_lost\n    self._sock.shutdown(socket.SHUT_RDWR)\nConnectionResetError: [WinError 10054] An existing connection was forcibly closed by the remote host"}
{"timestamp": "2026-02-28T19:13:56.522977+00:00", "level": "INFO", "logger": "mtcs.risk", "message": "Close all: 1/2", "module": "risk_manager", "function": "close_all_positions", "line": 71}
{"timestamp": "2026-02-28T19:15:19.627221+00:00", "level": "INFO", "logger": "mtcs.risk", "message": "Close all: 0/4", "module": "risk_manager", "function": "close_all_positions", "line": 71}
{"timestamp": "2026-02-28T19:15:25.742750+00:00", "level": "INFO", "logger": "mtcs", "message": "Logging initialized", "module": "logging_config", "function": "setup_logging", "line": 68}
{"timestamp": "2026-02-28T19:15:25.742750+00:00", "level": "INFO", "logger": "mtcs.main", "message": "============================================================", "module": "main", "function": "lifespan", "line": 38}
{"timestamp": "2026-02-28T19:15:25.742750+00:00", "level": "INFO", "logger": "mtcs.main", "message": "MT5 Copy Trading System starting...", "module": "main", "function": "lifespan", "line": 39}
{"timestamp": "2026-02-28T19:15:25.742750+00:00", "level": "INFO", "logger": "mtcs.main", "message": "Server: 0.0.0.0:9600", "module": "main", "function": "lifespan", "line": 40}
{"timestamp": "2026-02-28T19:15:25.742750+00:00", "level": "INFO", "logger": "mtcs.main", "message": "============================================================", "module": "main", "function": "lifespan", "line": 41}
{"timestamp": "2026-02-28T19:15:25.777918+00:00", "level": "INFO", "logger": "mtcs.database", "message": "Database connected: C:\\Users\\prave\\Downloads\\ANTIGRAVITY\\mtcs\\data\\mtcs.db (WAL mode)", "module": "database", "function": "connect", "line": 113}
{"timestamp": "2026-02-28T19:15:25.779588+00:00", "level": "INFO", "logger": "mtcs.database", "message": "Database schema initialized", "module": "database", "function": "init_schema", "line": 119}
{"timestamp": "2026-02-28T19:15:25.780094+00:00", "level": "INFO", "logger": "mtcs.credentials", "message": "Credential encryption initialized", "module": "credentials", "function": "initialize", "line": 47}
{"timestamp": "2026-02-28T19:15:26.142290+00:00", "level": "INFO", "logger": "mtcs.credentials", "message": "Loaded 2 accounts from credentials.json", "module": "credentials", "function": "load_credentials", "line": 69}
{"timestamp": "2026-02-28T19:15:26.164029+00:00", "level": "INFO", "logger": "mtcs.worker_manager", "message": "Spawned slave worker: 415362468@Exness-MT5Trial14 (pid=4180)", "module": "worker_manager", "function": "spawn_worker", "line": 132}
{"timestamp": "2026-02-28T19:15:29.288366+00:00", "level": "INFO", "logger": "mtcs.worker_manager", "message": "Worker 415362468 initialized: 500.0", "module": "worker_manager", "function": "spawn_worker", "line": 147}
{"timestamp": "2026-02-28T19:15:29.288366+00:00", "level": "INFO", "logger": "mtcs.state", "message": "Worker spawned: 415362468@Exness-MT5Trial14 (role=slave, pid=4180)", "module": "deps", "function": "_spawn_saved_account_workers", "line": 161}
{"timestamp": "2026-02-28T19:15:29.297202+00:00", "level": "INFO", "logger": "mtcs.worker_manager", "message": "Spawned master worker: 433264960@Exness-MT5Trial7 (pid=22096)", "module": "worker_manager", "function": "spawn_worker", "line": 132}
{"timestamp": "2026-02-28T19:15:31.493592+00:00", "level": "INFO", "logger": "mtcs.worker_manager", "message": "Worker 433264960 initialized: 497.12", "module": "worker_manager", "function": "spawn_worker", "line": 147}
{"timestamp": "2026-02-28T19:15:31.494099+00:00", "level": "INFO", "logger": "mtcs.state", "message": "Worker spawned: 433264960@Exness-MT5Trial7 (role=master, pid=22096)", "module": "deps", "function": "_spawn_saved_account_workers", "line": 161}
{"timestamp": "2026-02-28T19:15:31.494650+00:00", "level": "INFO", "logger": "mtcs.state", "message": "Application state initialized (multi-process)", "module": "deps", "function": "initialize", "line": 112}
{"timestamp": "2026-02-28T19:15:31.494650+00:00", "level": "INFO", "logger": "mtcs.state", "message": "Access from mobile: http://192.168.1.8:9600", "module": "deps", "function": "initialize", "line": 113}
{"timestamp": "2026-02-28T19:15:31.494650+00:00", "level": "WARNING", "logger": "mtcs.state", "message": "Firewall: Port 9600/TCP may be blocked by Windows Firewall. To allow LAN access, run in an elevated PowerShell:\n  New-NetFirewallRule -DisplayName \"MTCS Trading\" -Direction Inbound -Protocol TCP -LocalPort 9600 -Action Allow", "module": "deps", "function": "initialize", "line": 118}
{"timestamp": "2026-02-28T19:22:31.299693+00:00", "level": "INFO", "logger": "mtcs", "message": "Logging initialized", "module": "logging_config", "function": "setup_logging", "line": 68}
{"timestamp": "2026-02-28T19:22:31.300270+00:00", "level": "INFO", "logger": "mtcs.main", "message": "============================================================", "module": "main", "function": "lifespan", "line": 38}
{"timestamp": "2026-02-28T19:22:31.300270+00:00", "level": "INFO", "logger": "mtcs.main", "message": "MT5 Copy Trading System starting...", "module": "main", "function": "lifespan", "line": 39}
{"timestamp": "2026-02-28T19:22:31.300270+00:00", "level": "INFO", "logger": "mtcs.main", "message": "Server: 0.0.0.0:9600", "module": "main", "function": "lifespan", "line": 40}
{"timestamp": "2026-02-28T19:22:31.300270+00:00", "level": "INFO", "logger": "mtcs.main", "message": "============================================================", "module": "main", "function": "lifespan", "line": 41}
{"timestamp": "2026-02-28T19:22:31.318385+00:00", "level": "INFO", "logger": "mtcs.database", "message": "Database connected: C:\\Users\\prave\\Downloads\\ANTIGRAVITY\\mtcs\\data\\mtcs.db (WAL mode)", "module": "database", "function": "connect", "line": 113}
{"timestamp": "2026-02-28T19:22:31.318939+00:00", "level": "INFO", "logger": "mtcs.database", "message": "Database schema initialized", "module": "database", "function": "init_schema", "line": 119}
{"timestamp": "2026-02-28T19:22:31.319442+00:00", "level": "INFO", "logger": "mtcs.credentials", "message": "Credential encryption initialized", "module": "credentials", "function": "initialize", "line": 47}
{"timestamp": "2026-02-28T19:22:31.459353+00:00", "level": "INFO", "logger": "mtcs.credentials", "message": "Loaded 2 accounts from credentials.json", "module": "credentials", "function": "load_credentials", "line": 69}
{"timestamp": "2026-02-28T19:22:31.470181+00:00", "level": "INFO", "logger": "mtcs.worker_manager", "message": "Spawned slave worker: 415362468@Exness-MT5Trial14 (pid=17728)", "module": "worker_manager", "function": "spawn_worker", "line": 132}
{"timestamp": "2026-02-28T19:22:33.430950+00:00", "level": "INFO", "logger": "mtcs.worker_manager", "message": "Worker 415362468 initialized: 500.0", "module": "worker_manager", "function": "spawn_worker", "line": 147}
{"timestamp": "2026-02-28T19:22:33.430950+00:00", "level": "INFO", "logger": "mtcs.state", "message": "Worker spawned: 415362468@Exness-MT5Trial14 (role=slave, pid=17728)", "module": "deps", "function": "_spawn_saved_account_workers", "line": 161}
{"timestamp": "2026-02-28T19:22:33.438030+00:00", "level": "INFO", "logger": "mtcs.worker_manager", "message": "Spawned master worker: 433264960@Exness-MT5Trial7 (pid=15848)", "module": "worker_manager", "function": "spawn_worker", "line": 132}
{"timestamp": "2026-02-28T19:22:35.218953+00:00", "level": "INFO", "logger": "mtcs.worker_manager", "message": "Worker 433264960 initialized: 497.83", "module": "worker_manager", "function": "spawn_worker", "line": 147}
{"timestamp": "2026-02-28T19:22:35.218953+00:00", "level": "INFO", "logger": "mtcs.state", "message": "Worker spawned: 433264960@Exness-MT5Trial7 (role=master, pid=15848)", "module": "deps", "function": "_spawn_saved_account_workers", "line": 161}
{"timestamp": "2026-02-28T19:22:35.219459+00:00", "level": "INFO", "logger": "mtcs.state", "message": "Application state initialized (multi-process)", "module": "deps", "function": "initialize", "line": 112}
{"timestamp": "2026-02-28T19:22:35.219459+00:00", "level": "INFO", "logger": "mtcs.state", "message": "Access from mobile: http://192.168.1.8:9600", "module": "deps", "function": "initialize", "line": 113}
{"timestamp": "2026-02-28T19:22:35.219459+00:00", "level": "WARNING", "logger": "mtcs.state", "message": "Firewall: Port 9600/TCP may be blocked by Windows Firewall. To allow LAN access, run in an elevated PowerShell:\n  New-NetFirewallRule -DisplayName \"MTCS Trading\" -Direction Inbound -Protocol TCP -LocalPort 9600 -Action Allow", "module": "deps", "function": "initialize", "line": 118}
{"timestamp": "2026-02-28T19:26:10.523527+00:00", "level": "INFO", "logger": "mtcs.risk", "message": "Close all: 0/0", "module": "risk_manager", "function": "close_all_positions", "line": 71}
{"timestamp": "2026-02-28T19:35:47.273230+00:00", "level": "INFO", "logger": "mtcs.risk", "message": "Close all: 0/0", "module": "risk_manager", "function": "close_all_positions", "line": 71}
{"timestamp": "2026-02-28T19:36:17.356819+00:00", "level": "INFO", "logger": "mtcs.risk", "message": "Close all: 2/4", "module": "risk_manager", "function": "close_all_positions", "line": 71}
